2025-03-12 13:31:36 [main] INFO  UserDDTests [UserDDTests.java:36] - ***********Creating User******
2025-03-12 13:31:40 [main] INFO  UserDDTests [UserDDTests.java:59] - Response Status Code: 200
2025-03-12 13:31:40 [main] INFO  UserDDTests [UserDDTests.java:60] - Response Body: {"code":200,"type":"unknown","message":"343521"}
2025-03-12 13:31:40 [main] INFO  UserDDTests [UserDDTests.java:64] - ******User Created***********
2025-03-12 13:31:40 [main] INFO  UserDDTests [UserDDTests.java:36] - ***********Creating User******
2025-03-12 13:31:41 [main] INFO  UserDDTests [UserDDTests.java:59] - Response Status Code: 200
2025-03-12 13:31:41 [main] INFO  UserDDTests [UserDDTests.java:60] - Response Body: {"code":200,"type":"unknown","message":"34356"}
2025-03-12 13:31:41 [main] INFO  UserDDTests [UserDDTests.java:64] - ******User Created***********
2025-03-12 13:31:41 [main] INFO  UserDDTests [UserDDTests.java:36] - ***********Creating User******
2025-03-12 13:31:42 [main] INFO  UserDDTests [UserDDTests.java:59] - Response Status Code: 200
2025-03-12 13:31:42 [main] INFO  UserDDTests [UserDDTests.java:60] - Response Body: {"code":200,"type":"unknown","message":"34532"}
2025-03-12 13:31:42 [main] INFO  UserDDTests [UserDDTests.java:64] - ******User Created***********
2025-03-12 13:31:42 [main] INFO  UserDDTests [UserDDTests.java:36] - ***********Creating User******
2025-03-12 13:31:44 [main] INFO  UserDDTests [UserDDTests.java:59] - Response Status Code: 200
2025-03-12 13:31:44 [main] INFO  UserDDTests [UserDDTests.java:60] - Response Body: {"code":200,"type":"unknown","message":"343345"}
2025-03-12 13:31:44 [main] INFO  UserDDTests [UserDDTests.java:64] - ******User Created***********
2025-03-12 13:31:44 [main] INFO  UserDDTests [UserDDTests.java:36] - ***********Creating User******
2025-03-12 13:31:45 [main] INFO  UserDDTests [UserDDTests.java:59] - Response Status Code: 200
2025-03-12 13:31:45 [main] INFO  UserDDTests [UserDDTests.java:60] - Response Body: {"code":200,"type":"unknown","message":"4423345"}
2025-03-12 13:31:45 [main] INFO  UserDDTests [UserDDTests.java:64] - ******User Created***********
2025-03-12 13:31:45 [main] INFO  UserDDTests [UserDDTests.java:36] - ***********Creating User******
2025-03-12 13:31:46 [main] INFO  UserDDTests [UserDDTests.java:59] - Response Status Code: 200
2025-03-12 13:31:46 [main] INFO  UserDDTests [UserDDTests.java:60] - Response Body: {"code":200,"type":"unknown","message":"2442345"}
2025-03-12 13:31:46 [main] INFO  UserDDTests [UserDDTests.java:64] - ******User Created***********
2025-03-12 13:31:46 [main] INFO  UserDDTests [UserDDTests.java:36] - ***********Creating User******
2025-03-12 13:31:47 [main] INFO  UserDDTests [UserDDTests.java:59] - Response Status Code: 200
2025-03-12 13:31:47 [main] INFO  UserDDTests [UserDDTests.java:60] - Response Body: {"code":200,"type":"unknown","message":"45622345"}
2025-03-12 13:31:47 [main] INFO  UserDDTests [UserDDTests.java:64] - ******User Created***********
2025-03-12 13:31:47 [main] INFO  UserDDTests [UserDDTests.java:72] - *************Deleting Created User***********
2025-03-12 13:31:49 [main] INFO  UserDDTests [UserDDTests.java:86] - Response Status Code: 200
2025-03-12 13:31:49 [main] INFO  UserDDTests [UserDDTests.java:87] - Response Body: {"code":200,"type":"unknown","message":"prasant"}
2025-03-12 13:31:49 [main] INFO  UserDDTests [UserDDTests.java:90] - *************Deleted Created User***********
2025-03-12 13:31:49 [main] INFO  UserDDTests [UserDDTests.java:72] - *************Deleting Created User***********
2025-03-12 13:31:50 [main] INFO  UserDDTests [UserDDTests.java:86] - Response Status Code: 200
2025-03-12 13:31:50 [main] INFO  UserDDTests [UserDDTests.java:87] - Response Body: {"code":200,"type":"unknown","message":"harika"}
2025-03-12 13:31:50 [main] INFO  UserDDTests [UserDDTests.java:90] - *************Deleted Created User***********
2025-03-12 13:31:50 [main] INFO  UserDDTests [UserDDTests.java:72] - *************Deleting Created User***********
2025-03-12 13:31:51 [main] INFO  UserDDTests [UserDDTests.java:86] - Response Status Code: 200
2025-03-12 13:31:51 [main] INFO  UserDDTests [UserDDTests.java:87] - Response Body: {"code":200,"type":"unknown","message":"Sweety"}
2025-03-12 13:31:51 [main] INFO  UserDDTests [UserDDTests.java:90] - *************Deleted Created User***********
2025-03-12 13:31:51 [main] INFO  UserDDTests [UserDDTests.java:72] - *************Deleting Created User***********
2025-03-12 13:31:52 [main] INFO  UserDDTests [UserDDTests.java:86] - Response Status Code: 200
2025-03-12 13:31:52 [main] INFO  UserDDTests [UserDDTests.java:87] - Response Body: {"code":200,"type":"unknown","message":"Vasu"}
2025-03-12 13:31:52 [main] INFO  UserDDTests [UserDDTests.java:90] - *************Deleted Created User***********
2025-03-12 13:31:52 [main] INFO  UserDDTests [UserDDTests.java:72] - *************Deleting Created User***********
2025-03-12 13:31:53 [main] INFO  UserDDTests [UserDDTests.java:86] - Response Status Code: 200
2025-03-12 13:31:53 [main] INFO  UserDDTests [UserDDTests.java:87] - Response Body: {"code":200,"type":"unknown","message":"Prasanna"}
2025-03-12 13:31:53 [main] INFO  UserDDTests [UserDDTests.java:90] - *************Deleted Created User***********
2025-03-12 13:31:53 [main] INFO  UserDDTests [UserDDTests.java:72] - *************Deleting Created User***********
2025-03-12 13:31:54 [main] INFO  UserDDTests [UserDDTests.java:72] - *************Deleting Created User***********
2025-03-12 13:31:56 [main] INFO  UserDDTests [UserDDTests.java:86] - Response Status Code: 200
2025-03-12 13:31:56 [main] INFO  UserDDTests [UserDDTests.java:87] - Response Body: {"code":200,"type":"unknown","message":"Param"}
2025-03-12 13:31:56 [main] INFO  UserDDTests [UserDDTests.java:90] - *************Deleted Created User***********
2025-03-12 16:20:57 [main] INFO  UserDDTests [UserDDTests.java:36] - ***********Creating User******
2025-03-12 16:21:02 [main] INFO  UserDDTests [UserDDTests.java:59] - Response Status Code: 200
2025-03-12 16:21:02 [main] INFO  UserDDTests [UserDDTests.java:60] - Response Body: {"code":200,"type":"unknown","message":"343521"}
2025-03-12 16:21:02 [main] INFO  UserDDTests [UserDDTests.java:64] - ******User Created***********
2025-03-12 16:21:02 [main] INFO  UserDDTests [UserDDTests.java:36] - ***********Creating User******
2025-03-12 16:21:03 [main] INFO  UserDDTests [UserDDTests.java:59] - Response Status Code: 200
2025-03-12 16:21:03 [main] INFO  UserDDTests [UserDDTests.java:60] - Response Body: {"code":200,"type":"unknown","message":"34356"}
2025-03-12 16:21:03 [main] INFO  UserDDTests [UserDDTests.java:64] - ******User Created***********
2025-03-12 16:21:03 [main] INFO  UserDDTests [UserDDTests.java:36] - ***********Creating User******
2025-03-12 16:21:04 [main] INFO  UserDDTests [UserDDTests.java:59] - Response Status Code: 200
2025-03-12 16:21:04 [main] INFO  UserDDTests [UserDDTests.java:60] - Response Body: {"code":200,"type":"unknown","message":"34532"}
2025-03-12 16:21:04 [main] INFO  UserDDTests [UserDDTests.java:64] - ******User Created***********
2025-03-12 16:21:04 [main] INFO  UserDDTests [UserDDTests.java:36] - ***********Creating User******
2025-03-12 16:21:05 [main] INFO  UserDDTests [UserDDTests.java:59] - Response Status Code: 200
2025-03-12 16:21:05 [main] INFO  UserDDTests [UserDDTests.java:60] - Response Body: {"code":200,"type":"unknown","message":"343345"}
2025-03-12 16:21:05 [main] INFO  UserDDTests [UserDDTests.java:64] - ******User Created***********
2025-03-12 16:21:05 [main] INFO  UserDDTests [UserDDTests.java:36] - ***********Creating User******
2025-03-12 16:21:07 [main] INFO  UserDDTests [UserDDTests.java:59] - Response Status Code: 200
2025-03-12 16:21:07 [main] INFO  UserDDTests [UserDDTests.java:60] - Response Body: {"code":200,"type":"unknown","message":"4423345"}
2025-03-12 16:21:07 [main] INFO  UserDDTests [UserDDTests.java:64] - ******User Created***********
2025-03-12 16:21:07 [main] INFO  UserDDTests [UserDDTests.java:36] - ***********Creating User******
2025-03-12 16:21:08 [main] INFO  UserDDTests [UserDDTests.java:59] - Response Status Code: 200
2025-03-12 16:21:08 [main] INFO  UserDDTests [UserDDTests.java:60] - Response Body: {"code":200,"type":"unknown","message":"2442345"}
2025-03-12 16:21:08 [main] INFO  UserDDTests [UserDDTests.java:64] - ******User Created***********
2025-03-12 16:21:08 [main] INFO  UserDDTests [UserDDTests.java:36] - ***********Creating User******
2025-03-12 16:21:09 [main] INFO  UserDDTests [UserDDTests.java:59] - Response Status Code: 200
2025-03-12 16:21:09 [main] INFO  UserDDTests [UserDDTests.java:60] - Response Body: {"code":200,"type":"unknown","message":"45622345"}
2025-03-12 16:21:09 [main] INFO  UserDDTests [UserDDTests.java:64] - ******User Created***********
2025-03-12 16:21:09 [main] INFO  UserDDTests [UserDDTests.java:72] - *************Deleting Created User***********
2025-03-12 16:21:10 [main] INFO  UserDDTests [UserDDTests.java:72] - *************Deleting Created User***********
2025-03-12 16:21:12 [main] INFO  UserDDTests [UserDDTests.java:86] - Response Status Code: 200
2025-03-12 16:21:12 [main] INFO  UserDDTests [UserDDTests.java:87] - Response Body: {"code":200,"type":"unknown","message":"harika"}
2025-03-12 16:21:12 [main] INFO  UserDDTests [UserDDTests.java:90] - *************Deleted Created User***********
2025-03-12 16:21:12 [main] INFO  UserDDTests [UserDDTests.java:72] - *************Deleting Created User***********
2025-03-12 16:21:13 [main] INFO  UserDDTests [UserDDTests.java:72] - *************Deleting Created User***********
2025-03-12 16:21:14 [main] INFO  UserDDTests [UserDDTests.java:72] - *************Deleting Created User***********
2025-03-12 16:21:15 [main] INFO  UserDDTests [UserDDTests.java:86] - Response Status Code: 200
2025-03-12 16:21:15 [main] INFO  UserDDTests [UserDDTests.java:87] - Response Body: {"code":200,"type":"unknown","message":"Prasanna"}
2025-03-12 16:21:15 [main] INFO  UserDDTests [UserDDTests.java:90] - *************Deleted Created User***********
2025-03-12 16:21:15 [main] INFO  UserDDTests [UserDDTests.java:72] - *************Deleting Created User***********
2025-03-12 16:21:16 [main] INFO  UserDDTests [UserDDTests.java:86] - Response Status Code: 200
2025-03-12 16:21:16 [main] INFO  UserDDTests [UserDDTests.java:87] - Response Body: {"code":200,"type":"unknown","message":"Vanaja"}
2025-03-12 16:21:16 [main] INFO  UserDDTests [UserDDTests.java:90] - *************Deleted Created User***********
2025-03-12 16:21:16 [main] INFO  UserDDTests [UserDDTests.java:72] - *************Deleting Created User***********
